Error: Could not find or load main class dendryterra.DendryBenchmarkRunner
